分类: 📺央视卫视, 名称: CCTV-2, 有效: 5, IPv4: 46, IPv6: 0, 最小延迟: 622 ms, 最高速率: 5.26 M/s, 平均速率: 3.75 M/s, 最高分辨率: 1920x1080, 平均帧率: 25.00, 视频编解码器: h264, 音频编解码器: aac
分类: 📺央视卫视, 名称: CCTV-1, 有效: 2, IPv4: 46, IPv6: 0, 最小延迟: 485 ms, 最高速率: 2.46 M/s, 平均速率: 2.20 M/s, 最高分辨率: 1920x1080, 平均帧率: 35.00, 视频编解码器: h264, 音频编解码器: aac
分类: 📺央视卫视, 名称: CCTV-4, 有效: 5, IPv4: 48, IPv6: 0, 最小延迟: 522 ms, 最高速率: 4.31 M/s, 平均速率: 2.21 M/s, 最高分辨率: 1920x1080, 平均帧率: 26.67, 视频编解码器: h264, 音频编解码器: aac
分类: 📺央视卫视, 名称: CCTV-5, 有效: 5, IPv4: 43, IPv6: 0, 最小延迟: 511 ms, 最高速率: 3.73 M/s, 平均速率: 2.28 M/s, 最高分辨率: 1920x1080, 平均帧率: 42.50, 视频编解码器: h264, 音频编解码器: aac
分类: 📺央视卫视, 名称: CCTV-3, 有效: 4, IPv4: 41, IPv6: 0, 最小延迟: 614 ms, 最高速率: 5.59 M/s, 平均速率: 3.60 M/s, 最高分辨率: 1920x1080, 平均帧率: 25.00, 视频编解码器: h264, 音频编解码器: aac
分类: 📺央视卫视, 名称: CCTV-7, 有效: 5, IPv4: 36, IPv6: 0, 最小延迟: 553 ms, 最高速率: 2.39 M/s, 平均速率: 1.23 M/s, 最高分辨率: 1920x1080, 平均帧率: 25.00, 视频编解码器: h264, 音频编解码器: aac
分类: 📺央视卫视, 名称: CCTV-6, 有效: 5, IPv4: 41, IPv6: 0, 最小延迟: 527 ms, 最高速率: 2.57 M/s, 平均速率: 1.89 M/s, 最高分辨率: 1920x1080, 平均帧率: 38.33, 视频编解码器: h264, 音频编解码器: aac
分类: 📺央视卫视, 名称: CCTV-8, 有效: 5, IPv4: 40, IPv6: 0, 最小延迟: 459 ms, 最高速率: 5.96 M/s, 平均速率: 3.01 M/s, 最高分辨率: 1920x1080, 平均帧率: 25.00, 视频编解码器: h264, 音频编解码器: aac
分类: 📺央视卫视, 名称: CCTV-5+, 有效: 3, IPv4: 30, IPv6: 0, 最小延迟: 577 ms, 最高速率: 2.82 M/s, 平均速率: 2.17 M/s, 最高分辨率: 1920x1080, 平均帧率: 25.00, 视频编解码器: h264, 音频编解码器: aac
分类: 📺央视卫视, 名称: CCTV-9, 有效: 5, IPv4: 43, IPv6: 0, 最小延迟: 700 ms, 最高速率: 5.19 M/s, 平均速率: 3.98 M/s, 最高分辨率: 1920x1080, 平均帧率: 25.00, 视频编解码器: h264, 音频编解码器: aac
分类: 📺央视卫视, 名称: CCTV-10, 有效: 4, IPv4: 41, IPv6: 0, 最小延迟: 422 ms, 最高速率: 1.53 M/s, 平均速率: 1.46 M/s, 最高分辨率: 1920x1080, 平均帧率: 30.00, 视频编解码器: h264, 音频编解码器: aac
分类: 📺央视卫视, 名称: CCTV-11, 有效: 5, IPv4: 39, IPv6: 0, 最小延迟: 405 ms, 最高速率: 2.19 M/s, 平均速率: 1.78 M/s, 最高分辨率: 1920x1080, 平均帧率: 30.83, 视频编解码器: h264, 音频编解码器: aac
分类: 📺央视卫视, 名称: CCTV-12, 有效: 5, IPv4: 36, IPv6: 0, 最小延迟: 505 ms, 最高速率: 4.33 M/s, 平均速率: 3.11 M/s, 最高分辨率: 1920x1080, 平均帧率: 25.00, 视频编解码器: h264, 音频编解码器: aac
分类: 📺央视卫视, 名称: CCTV-14, 有效: 5, IPv4: 34, IPv6: 0, 最小延迟: 508 ms, 最高速率: 2.00 M/s, 平均速率: 1.40 M/s, 最高分辨率: 1920x1080, 平均帧率: 27.50, 视频编解码器: h264, 音频编解码器: aac
分类: 📺央视卫视, 名称: CCTV-15, 有效: 5, IPv4: 40, IPv6: 0, 最小延迟: 490 ms, 最高速率: 6.62 M/s, 平均速率: 3.08 M/s, 最高分辨率: 1920x1080, 平均帧率: 25.00, 视频编解码器: h264, 音频编解码器: aac
分类: 📺央视卫视, 名称: CCTV-17, 有效: 5, IPv4: 27, IPv6: 0, 最小延迟: 38 ms, 最高速率: 135.82 M/s, 平均速率: 29.39 M/s, 最高分辨率: 1920x1080, 平均帧率: 30.00, 视频编解码器: h264, 音频编解码器: aac
分类: 📺央视卫视, 名称: CCTV-13, 有效: 3, IPv4: 35, IPv6: 0, 最小延迟: 524 ms, 最高速率: 2.14 M/s, 平均速率: 1.58 M/s, 最高分辨率: 1920x1080, 平均帧率: 31.25, 视频编解码器: h264, 音频编解码器: aac
分类: 📺央视卫视, 名称: CCTV-16, 有效: 4, IPv4: 17, IPv6: 0, 最小延迟: 453 ms, 最高速率: 3.09 M/s, 平均速率: 1.70 M/s, 最高分辨率: 1920x1080, 平均帧率: 33.33, 视频编解码器: h264, 音频编解码器: aac
分类: 📺央视卫视, 名称: CETV-1, 有效: 4, IPv4: 39, IPv6: 0, 最小延迟: 760 ms, 最高速率: 6.95 M/s, 平均速率: 6.32 M/s, 最高分辨率: 1920x1080, 平均帧率: 25.00, 视频编解码器: h264, 音频编解码器: aac
分类: 📺央视卫视, 名称: CETV-2, 有效: 2, IPv4: 23, IPv6: 0, 最小延迟: 481 ms, 最高速率: 4.94 M/s, 平均速率: 1.11 M/s, 最高分辨率: 1920x1080, 平均帧率: 26.25, 视频编解码器: h264, 音频编解码器: aac
分类: 📺央视卫视, 名称: CETV-3, 有效: 0, IPv4: 7, IPv6: 0, 最小延迟: 628 ms, 最高速率: 4.17 M/s, 平均速率: 0.00 M/s, 最高分辨率: 1280x720, 平均帧率: 26.25, 视频编解码器: h264, 音频编解码器: aac
分类: 📺央视卫视, 名称: CETV-4, 有效: 1, IPv4: 29, IPv6: 0, 最小延迟: 541 ms, 最高速率: 7.07 M/s, 平均速率: 1.74 M/s, 最高分辨率: 1280x720, 平均帧率: 26.67, 视频编解码器: h264, 音频编解码器: aac
分类: 📺央视卫视, 名称: 湖南卫视, 有效: 5, IPv4: 42, IPv6: 0, 最小延迟: 451 ms, 最高速率: 5.59 M/s, 平均速率: 4.81 M/s, 最高分辨率: 1920x1080, 平均帧率: 25.00, 视频编解码器: h264, 音频编解码器: aac
分类: 📺央视卫视, 名称: 浙江卫视, 有效: 4, IPv4: 31, IPv6: 0, 最小延迟: 812 ms, 最高速率: 5.68 M/s, 平均速率: 2.42 M/s, 最高分辨率: 1920x1080, 平均帧率: 29.17, 视频编解码器: h264, 音频编解码器: aac
分类: 📺央视卫视, 名称: 北京卫视, 有效: 3, IPv4: 35, IPv6: 0, 最小延迟: 59 ms, 最高速率: 4.45 M/s, 平均速率: 4.13 M/s, 最高分辨率: 1920x1080, 平均帧率: 25.00, 视频编解码器: h264, 音频编解码器: aac
分类: 📺央视卫视, 名称: 山东卫视, 有效: 4, IPv4: 26, IPv6: 0, 最小延迟: 1027 ms, 最高速率: 1.46 M/s, 平均速率: 1.18 M/s, 最高分辨率: 1920x1080, 平均帧率: 25.00, 视频编解码器: h264, 音频编解码器: aac
分类: 📺央视卫视, 名称: 湖北卫视, 有效: 2, IPv4: 33, IPv6: 0, 最小延迟: 1032 ms, 最高速率: 3.24 M/s, 平均速率: 3.16 M/s, 最高分辨率: 1920x1080, 平均帧率: 31.25, 视频编解码器: h264, 音频编解码器: aac
分类: 📺央视卫视, 名称: 黑龙江卫视, 有效: 2, IPv4: 28, IPv6: 0, 最小延迟: 1009 ms, 最高速率: 4.91 M/s, 平均速率: 3.61 M/s, 最高分辨率: 1920x1080, 平均帧率: 25.00, 视频编解码器: h264, 音频编解码器: aac
分类: 📺央视卫视, 名称: 安徽卫视, 有效: 4, IPv4: 32, IPv6: 0, 最小延迟: 818 ms, 最高速率: 5.36 M/s, 平均速率: 2.88 M/s, 最高分辨率: 1920x1080, 平均帧率: 32.50, 视频编解码器: h264, 音频编解码器: aac
分类: 📺央视卫视, 名称: 东方卫视, 有效: 5, IPv4: 30, IPv6: 0, 最小延迟: 113 ms, 最高速率: 13.36 M/s, 平均速率: 6.38 M/s, 最高分辨率: 1920x1080, 平均帧率: 25.00, 视频编解码器: h264, 音频编解码器: aac
分类: 📺央视卫视, 名称: 重庆卫视, 有效: 4, IPv4: 30, IPv6: 0, 最小延迟: 478 ms, 最高速率: 5.81 M/s, 平均速率: 3.32 M/s, 最高分辨率: 1920x1080, 平均帧率: 未知, 视频编解码器: 未知, 音频编解码器: 未知
分类: 📺央视卫视, 名称: 东南卫视, 有效: 3, IPv4: 25, IPv6: 0, 最小延迟: 66 ms, 最高速率: 87.58 M/s, 平均速率: 33.07 M/s, 最高分辨率: 1920x1080, 平均帧率: 25.00, 视频编解码器: h264, 音频编解码器: aac
分类: 📺央视卫视, 名称: 贵州卫视, 有效: 5, IPv4: 29, IPv6: 0, 最小延迟: 41 ms, 最高速率: 130.41 M/s, 平均速率: 47.64 M/s, 最高分辨率: 1920x1080, 平均帧率: 27.50, 视频编解码器: h264, 音频编解码器: aac
分类: 📺央视卫视, 名称: 甘肃卫视, 有效: 4, IPv4: 21, IPv6: 0, 最小延迟: 498 ms, 最高速率: 5.71 M/s, 平均速率: 3.54 M/s, 最高分辨率: 1920x1080, 平均帧率: 50.00, 视频编解码器: h264, 音频编解码器: mp2
分类: 📺央视卫视, 名称: 广西卫视, 有效: 4, IPv4: 26, IPv6: 0, 最小延迟: 483 ms, 最高速率: 5.85 M/s, 平均速率: 2.29 M/s, 最高分辨率: 1920x1080, 平均帧率: 未知, 视频编解码器: 未知, 音频编解码器: 未知
分类: 📺央视卫视, 名称: 海南卫视, 有效: 1, IPv4: 15, IPv6: 0, 最小延迟: 1910 ms, 最高速率: 0.67 M/s, 平均速率: 0.67 M/s, 最高分辨率: 1920x1080, 平均帧率: 25.00, 视频编解码器: h264, 音频编解码器: aac
分类: 📺央视卫视, 名称: 河北卫视, 有效: 1, IPv4: 24, IPv6: 0, 最小延迟: 831 ms, 最高速率: 5.20 M/s, 平均速率: 5.20 M/s, 最高分辨率: 1920x1080, 平均帧率: 25.00, 视频编解码器: h264, 音频编解码器: aac
分类: 📺央视卫视, 名称: 江苏卫视, 有效: 5, IPv4: 33, IPv6: 0, 最小延迟: 52 ms, 最高速率: 103.25 M/s, 平均速率: 39.82 M/s, 最高分辨率: 1920x1080, 平均帧率: 25.00, 视频编解码器: h264, 音频编解码器: aac
分类: 📺央视卫视, 名称: 江西卫视, 有效: 5, IPv4: 30, IPv6: 0, 最小延迟: 40 ms, 最高速率: 130.79 M/s, 平均速率: 64.12 M/s, 最高分辨率: 1920x1080, 平均帧率: 25.00, 视频编解码器: h264, 音频编解码器: aac
分类: 📺央视卫视, 名称: 河南卫视, 有效: 4, IPv4: 34, IPv6: 0, 最小延迟: 678 ms, 最高速率: 5.34 M/s, 平均速率: 2.93 M/s, 最高分辨率: 1920x1080, 平均帧率: 37.50, 视频编解码器: h264, 音频编解码器: aac
分类: 📺央视卫视, 名称: 吉林卫视, 有效: 3, IPv4: 23, IPv6: 0, 最小延迟: 475 ms, 最高速率: 6.00 M/s, 平均速率: 3.32 M/s, 最高分辨率: 1920x1080, 平均帧率: 未知, 视频编解码器: 未知, 音频编解码器: 未知
分类: 📺央视卫视, 名称: 内蒙古卫视, 有效: 5, IPv4: 17, IPv6: 0, 最小延迟: 38 ms, 最高速率: 140.00 M/s, 平均速率: 54.30 M/s, 最高分辨率: 1920x1080, 平均帧率: 26.67, 视频编解码器: h264, 音频编解码器: aac
分类: 📺央视卫视, 名称: 宁夏卫视, 有效: 5, IPv4: 23, IPv6: 0, 最小延迟: 36 ms, 最高速率: 135.11 M/s, 平均速率: 54.75 M/s, 最高分辨率: 1920x1080, 平均帧率: 30.00, 视频编解码器: h264, 音频编解码器: aac
分类: 📺央视卫视, 名称: 辽宁卫视, 有效: 4, IPv4: 29, IPv6: 0, 最小延迟: 83 ms, 最高速率: 73.04 M/s, 平均速率: 22.39 M/s, 最高分辨率: 1920x1080, 平均帧率: 33.33, 视频编解码器: h264, 音频编解码器: aac
分类: 📺央视卫视, 名称: 山西卫视, 有效: 5, IPv4: 31, IPv6: 0, 最小延迟: 37 ms, 最高速率: 136.84 M/s, 平均速率: 63.20 M/s, 最高分辨率: 1920x1080, 平均帧率: 30.00, 视频编解码器: h264, 音频编解码器: aac
分类: 📺央视卫视, 名称: 陕西卫视, 有效: 4, IPv4: 26, IPv6: 0, 最小延迟: 41 ms, 最高速率: 112.68 M/s, 平均速率: 30.73 M/s, 最高分辨率: 1920x1080, 平均帧率: 27.50, 视频编解码器: h264, 音频编解码器: aac
分类: 📺央视卫视, 名称: 青海卫视, 有效: 4, IPv4: 23, IPv6: 0, 最小延迟: 465 ms, 最高速率: 5.92 M/s, 平均速率: 2.65 M/s, 最高分辨率: 1920x1080, 平均帧率: 25.00, 视频编解码器: h264, 音频编解码器: aac
分类: 📺央视卫视, 名称: 四川卫视, 有效: 4, IPv4: 38, IPv6: 0, 最小延迟: 50 ms, 最高速率: 108.27 M/s, 平均速率: 50.97 M/s, 最高分辨率: 1920x1080, 平均帧率: 27.00, 视频编解码器: h264, 音频编解码器: aac
分类: 📺央视卫视, 名称: 三沙卫视, 有效: 4, IPv4: 9, IPv6: 0, 最小延迟: 597 ms, 最高速率: 3.79 M/s, 平均速率: 2.03 M/s, 最高分辨率: 1920x1080, 平均帧率: 25.00, 视频编解码器: h264, 音频编解码器: aac
分类: 📺央视卫视, 名称: 深圳卫视, 有效: 4, IPv4: 23, IPv6: 0, 最小延迟: 46 ms, 最高速率: 118.14 M/s, 平均速率: 32.79 M/s, 最高分辨率: 1920x1080, 平均帧率: 25.00, 视频编解码器: h264, 音频编解码器: aac
分类: 📺央视卫视, 名称: 天津卫视, 有效: 2, IPv4: 25, IPv6: 0, 最小延迟: 1173 ms, 最高速率: 2.32 M/s, 平均速率: 2.27 M/s, 最高分辨率: 1920x1080, 平均帧率: 50.00, 视频编解码器: h264, 音频编解码器: mp2
分类: 📺央视卫视, 名称: 新疆卫视, 有效: 4, IPv4: 17, IPv6: 0, 最小延迟: 45 ms, 最高速率: 120.83 M/s, 平均速率: 33.36 M/s, 最高分辨率: 1920x1080, 平均帧率: 30.00, 视频编解码器: h264, 音频编解码器: aac
分类: 📺央视卫视, 名称: 西藏卫视, 有效: 4, IPv4: 14, IPv6: 0, 最小延迟: 41 ms, 最高速率: 126.70 M/s, 平均速率: 50.47 M/s, 最高分辨率: 1920x1080, 平均帧率: 30.00, 视频编解码器: h264, 音频编解码器: aac
分类: 📺央视卫视, 名称: 广东卫视, 有效: 5, IPv4: 34, IPv6: 0, 最小延迟: 42 ms, 最高速率: 124.08 M/s, 平均速率: 48.51 M/s, 最高分辨率: 1920x1080, 平均帧率: 未知, 视频编解码器: 未知, 音频编解码器: 未知
分类: 📺央视卫视, 名称: 香港卫视, 有效: 0, IPv4: 5, IPv6: 0, 最小延迟: -1 ms, 最高速率: 0.00 M/s, 平均速率: 0.00 M/s, 最高分辨率: None, 平均帧率: 未知, 视频编解码器: 未知, 音频编解码器: 未知
分类: 📺央视卫视, 名称: 云南卫视, 有效: 4, IPv4: 25, IPv6: 0, 最小延迟: 514 ms, 最高速率: 5.84 M/s, 平均速率: 4.27 M/s, 最高分辨率: 1920x1080, 平均帧率: 37.50, 视频编解码器: h264, 音频编解码器: aac
